// Jest Snapshot v1, https://goo.gl/fbAQLP

exports[`Login Test page load successful 1`] = `undefined`;
