// Jest Snapshot v1, https://goo.gl/fbAQLP

exports[`Operation Test page load successful 1`] = `undefined`;
